2026-08-26 16:42:25,877 | INFO | ML model loaded successfully
2026-08-27 11:13:35,595 | INFO | ML model loaded successfully
2026-08-27 11:13:38,927 | INFO | ML model loaded successfully
2026-08-27 11:14:08,563 | INFO | request_id=f5ac2aea-0432-46be-95cb-5a2e4697b8ec |method=GET |path=/ |duration=0.0032s
2026-08-27 11:14:08,643 | INFO | request_id=e89592e0-b7eb-4e20-9ef4-a4bc7cb025a8 |method=GET |path=/favicon.ico |duration=0.0010s
2026-08-27 11:14:12,648 | INFO | request_id=fd16b1d7-2c7a-4d91-8565-d8f35119c6da |method=GET |path=/docs |duration=0.0006s
2026-08-27 11:14:12,861 | INFO | request_id=f0329267-016a-40e8-9e26-088a5509f9e9 |method=GET |path=/openapi.json |duration=0.0167s
2026-08-27 11:14:19,291 | INFO | request_id=9778c70f-3e2f-4978-9aa7-6585f17b1a2b |method=GET |path=/health |duration=0.0013s
2026-08-27 11:15:38,147 | INFO | Prediction successful | request_id=fc20cc65-09b7-49d2-9277-680040ba29a1 | prediction=setosa
2026-08-27 11:15:38,151 | INFO | request_id=fc20cc65-09b7-49d2-9277-680040ba29a1 |method=POST |path=/predict |duration=0.0301s
2026-08-27 11:19:34,567 | INFO | ML model loaded successfully
2026-08-27 11:19:53,881 | ERROR | Prediction Failed | request_id=6c765977-f680-49fc-8c69-9ad4b46eb62c | error=Testing logging error
2026-08-27 11:19:53,882 | INFO | request_id=6c765977-f680-49fc-8c69-9ad4b46eb62c |method=POST |path=/predict |duration=0.0043s
2026-08-27 11:21:37,818 | INFO | ML model loaded successfully
2026-08-27 11:21:40,884 | INFO | Prediction successful | request_id=5ec5ef9f-6cce-4e6a-9764-69fd43b0c275 | prediction=setosa
2026-08-27 11:21:40,886 | INFO | request_id=5ec5ef9f-6cce-4e6a-9764-69fd43b0c275 |method=POST |path=/predict |duration=0.0301s
2026-08-27 11:23:38,209 | INFO | ML model loaded successfully
2026-08-27 11:23:41,603 | INFO | ML model loaded successfully
2026-08-27 11:23:44,881 | INFO | ML model loaded successfully
2026-08-27 11:23:55,872 | INFO | ML model loaded successfully
2026-08-27 11:24:00,428 | INFO | ML model loaded successfully
2026-08-29 08:25:23,428 | INFO | ML model loaded successfully
2026-08-29 08:25:26,031 | INFO | request_id=fe216784-cd5c-4aa6-9f18-c8bd78803be5 |method=GET |path=/docs |duration=0.0008s
2026-08-29 08:25:26,267 | INFO | request_id=a85fb555-32bf-44ec-ab60-907c1856c5ab |method=GET |path=/openapi.json |duration=0.0188s
2026-08-29 08:25:38,443 | INFO | request_id=ac8aef2f-d953-4417-9ec6-4df9646e9982 |method=GET |path=/ |duration=0.0113s
2026-08-29 08:25:47,637 | INFO | request_id=bc4ba855-76ff-45fd-9685-4c977861b1da |method=GET |path=/health |duration=0.0010s
2026-08-29 08:26:45,369 | INFO | Prediction successful | request_id=3ff8b9cf-865b-4c80-a6ef-3d509d8867ae | prediction=setosa
2026-08-29 08:26:45,372 | INFO | request_id=3ff8b9cf-865b-4c80-a6ef-3d509d8867ae |method=POST |path=/predict |duration=0.0268s
2026-08-29 08:28:15,373 | INFO | request_id=849e4f4a-ea13-49d6-b5f3-9d50d33e6971 |method=POST |path=/predict |duration=0.0049s
2026-08-29 08:34:22,583 | INFO | ML model loaded successfully
2026-08-29 08:34:22,589 | INFO | request_id=6977d6e2-25dd-4375-84d0-7d48f94add1a |method=GET |path=/docs |duration=0.0007s
2026-08-29 08:34:22,589 | INFO | request_id=6f28eb1d-fbb7-4bd7-aec0-4001476637ac |method=GET |path=/docs |duration=0.0011s
2026-08-29 08:34:22,753 | INFO | request_id=5f61733f-f15f-439d-8005-356e243b9005 |method=GET |path=/openapi.json |duration=0.0066s
2026-08-29 08:35:24,820 | INFO | ML model loaded successfully
2026-08-29 08:35:43,941 | INFO | request_id=041ce3ff-f42d-403a-8693-4c0a35edcb99 |method=GET |path=/docs |duration=0.0003s
2026-08-29 08:35:44,053 | INFO | request_id=e526226b-0b4e-4832-8942-40e121c19226 |method=GET |path=/openapi.json |duration=0.0076s
2026-08-29 08:35:54,385 | INFO | Prediction successful | request_id=e90bda1d-e7ed-4743-8b0c-c8c98a367167 | prediction=setosa
2026-08-29 08:35:54,386 | INFO | request_id=e90bda1d-e7ed-4743-8b0c-c8c98a367167 |method=POST |path=/predict |duration=0.0206s
2026-08-29 08:37:44,674 | INFO | ML model loaded successfully
2026-08-29 08:37:46,967 | INFO | Prediction successful | request_id=480e1312-233b-412c-bc76-2d327534cf9d | prediction=setosa
2026-08-29 08:37:46,968 | INFO | request_id=480e1312-233b-412c-bc76-2d327534cf9d |method=POST |path=/predict |duration=0.0216s
2026-08-29 08:38:04,115 | INFO | Prediction successful | request_id=0103f4af-0f1b-46b0-ae75-68fb0ab0ceae | prediction=setosa
2026-08-29 08:38:04,116 | INFO | request_id=0103f4af-0f1b-46b0-ae75-68fb0ab0ceae |method=POST |path=/predict |duration=0.0149s
2026-08-29 08:38:41,381 | INFO | request_id=de493b47-1958-4f1e-8b78-acbd78ff0a33 |method=POST |path=/predict |duration=0.0007s
2026-08-29 08:43:33,459 | INFO | request_id=90149b1e-2f4c-4e49-bc7a-80fa8627360a |method=POST |path=/predict |duration=0.0007s
2026-08-29 08:43:42,709 | INFO | request_id=f411b029-4597-4a3e-8916-8a4f54f918b5 |method=POST |path=/predict |duration=0.0007s
2026-08-29 08:43:52,087 | INFO | request_id=cee507ec-6f98-4c45-be73-3a42e62f1553 |method=POST |path=/predict |duration=0.0006s
2026-08-29 08:44:12,689 | INFO | request_id=ebf536d5-92ec-4bf8-9ef4-393b6fcb3c78 |method=POST |path=/predict |duration=0.0006s
2026-08-29 11:07:54,180 | INFO | ML model loaded successfully
2026-08-29 11:08:34,794 | INFO | request_id=fd1a348d-5770-41f2-a572-27ff38438012 |method=POST |path=/predict |duration=0.0021s
2026-08-29 11:08:58,871 | INFO | request_id=e2d6018c-b7dd-42ee-8884-4a0df9046554 |method=POST |path=/predict |duration=0.0046s
2026-08-29 11:09:18,046 | INFO | request_id=2ef2548f-9e1a-4365-838f-ec2519d04e32 |method=POST |path=/predict |duration=0.0010s
2026-08-29 11:13:00,091 | INFO | ML model loaded successfully
2026-08-29 11:13:13,246 | ERROR | Prediction Failed | request_id=93519132-d3d1-462b-8244-9123e2f78e24 | error=Testing logging error
2026-08-29 11:13:13,246 | INFO | request_id=93519132-d3d1-462b-8244-9123e2f78e24 |method=POST |path=/predict |duration=0.0038s
2026-08-29 11:14:10,126 | INFO | ML model loaded successfully
2026-08-29 11:16:09,346 | INFO | ML model loaded successfully
2026-08-29 11:16:14,709 | ERROR | Prediction Failed | request_id=37c04c09-6e28-45dc-865a-d2508dba3ddf | error=Testing logging error
2026-08-29 11:16:14,710 | INFO | request_id=37c04c09-6e28-45dc-865a-d2508dba3ddf |method=POST |path=/predict |duration=0.0053s
2026-08-29 11:16:50,364 | INFO | ML model loaded successfully
2026-08-29 11:17:32,427 | INFO | Prediction successful | request_id=0f98b734-5a2c-46f6-b694-7153b6771d78 | prediction=setosa
2026-08-29 11:17:32,429 | INFO | request_id=0f98b734-5a2c-46f6-b694-7153b6771d78 |method=POST |path=/predict |duration=0.0273s
2026-08-31 11:44:33,802 | INFO | ML model loaded successfully
2026-08-31 11:46:03,537 | INFO | ML model loaded successfully
2026-08-31 11:47:03,651 | INFO | request_id=dd404dcd-7e3e-4603-bff8-b38087e6f6ff |method=GET |path=/api/v1/health |duration=0.0028s
2026-08-31 11:47:03,692 | INFO | request_id=11894c1c-4d7a-4516-83cf-f9be22415963 |method=GET |path=/favicon.ico |duration=0.0005s
2026-08-31 14:20:40,532 | INFO | ML model loaded successfully
2026-08-31 14:20:58,156 | INFO | request_id=1a272614-aa70-429e-8c9e-0da5b9feaff1 |method=GET |path=/docs |duration=0.0005s
2026-08-31 14:20:58,430 | INFO | request_id=18d7f54b-9dd4-447b-ba6d-91762c016af4 |method=GET |path=/openapi.json |duration=0.0174s
2026-08-31 14:21:15,999 | INFO | request_id=4925e9a4-8413-4bda-b125-836284c24e79 |method=GET |path=/api/v1/health |duration=0.0033s
2026-08-31 14:21:55,254 | ERROR | Prediction Failed | request_id=13752579-eb1c-476e-827d-fe6df951fe99 | error='function' object has no attribute 'proba'
2026-08-31 14:21:55,255 | INFO | request_id=13752579-eb1c-476e-827d-fe6df951fe99 |method=POST |path=/api/v1/predict |duration=0.0194s
2026-08-31 14:22:50,101 | INFO | ML model loaded successfully
2026-08-31 14:22:58,152 | INFO | ML model loaded successfully
2026-08-31 14:23:01,336 | ERROR | Prediction Failed | request_id=1723a889-57e3-4f36-8159-0b8ee0a72581 | error='function' object has no attribute 'proba'
2026-08-31 14:23:01,337 | INFO | request_id=1723a889-57e3-4f36-8159-0b8ee0a72581 |method=POST |path=/api/v1/predict |duration=0.0205s
2026-08-31 14:23:44,255 | INFO | ML model loaded successfully
2026-08-31 14:23:44,309 | INFO | Prediction successful | request_id=4111762c-8139-40bd-b1ec-f4b94b2ad348 | prediction=setosa
2026-08-31 14:23:44,310 | INFO | request_id=4111762c-8139-40bd-b1ec-f4b94b2ad348 |method=POST |path=/api/v1/predict |duration=0.0266s
2026-08-31 14:26:04,828 | INFO | ML model loaded successfully
2026-08-31 14:26:17,726 | INFO | Prediction successful | request_id=b3df17a1-7a7b-4a2b-b6a9-1d4de3922ed7 | prediction=setosa
2026-08-31 14:26:17,728 | INFO | request_id=b3df17a1-7a7b-4a2b-b6a9-1d4de3922ed7 |method=POST |path=/api/v1/predict |duration=0.0288s
2026-08-31 14:31:25,565 | INFO | ML model loaded successfully
2026-09-01 16:54:28,067 | INFO | ML model loaded successfully
2026-09-01 16:54:28,200 | INFO | request_id=274e95ea-bad7-46c9-8874-fed097768f59 |method=GET |path=/docs |duration=0.0007s
2026-09-01 16:54:28,415 | INFO | request_id=277fdf26-b194-41fc-b574-a95e8d7cb584 |method=GET |path=/openapi.json |duration=0.0223s
2026-09-01 16:55:44,867 | INFO | Batch prediction successful | request_id=b8f41b2a-3e39-4a83-8f24-c45401d4959c | batch_size=3
2026-09-01 16:55:44,869 | INFO | request_id=b8f41b2a-3e39-4a83-8f24-c45401d4959c |method=POST |path=/api/v1/predict-batch |duration=0.0326s
2026-09-01 16:56:55,636 | INFO | request_id=3f3dafa6-06ce-4abd-ac58-3c58a45fdeab |method=GET |path=/api/v1/model-info |duration=0.0010s
2026-09-01 16:57:09,470 | INFO | request_id=9155c539-c3f7-4634-a04d-458f3d0afa4e |method=GET |path=/api/v1/model-info |duration=0.0007s
2026-09-01 18:04:55,720 | INFO | ML model loaded successfully
2026-09-01 18:05:02,289 | INFO | request_id=14b59694-d8d5-4e58-aa83-3298cad1ee39 |method=GET |path=/api/v1/model-info |duration=0.0054s
2026-09-01 18:05:38,345 | INFO | Prediction successful | request_id=b8d93f65-eb5b-482a-bf3a-fea6251cedc5 | prediction=setosa
2026-09-01 18:05:38,346 | INFO | request_id=b8d93f65-eb5b-482a-bf3a-fea6251cedc5 |method=POST |path=/api/v1/predict |duration=0.0267s
2026-09-01 18:06:42,742 | INFO | Batch prediction successful | request_id=e1f726ff-fcdc-4e56-97e6-c9dfc89c7215 | batch_size=3
2026-09-01 18:06:42,743 | INFO | request_id=e1f726ff-fcdc-4e56-97e6-c9dfc89c7215 |method=POST |path=/api/v1/predict-batch |duration=0.0194s
2026-09-01 18:07:38,629 | INFO | request_id=cc6d0139-bbc9-4e65-9f14-3e03385e6a3d |method=GET |path=/api/v1/model-info |duration=0.0010s
2026-09-01 18:09:19,729 | INFO | ML model loaded successfully
2026-09-01 18:09:34,194 | INFO | Batch prediction successful | request_id=8439e4c1-3b42-41c3-94b3-c89a2298f7cc | batch_size=3
2026-09-01 18:09:34,195 | INFO | request_id=8439e4c1-3b42-41c3-94b3-c89a2298f7cc |method=POST |path=/api/v1/predict-batch |duration=0.0307s
